<?xml version="1.0" encoding="utf-8"?><testsuites name="pytest tests"><testsuite name="pytest" errors="7" failures="0" skipped="0" tests="7" time="0.132" timestamp="2025-11-13T02:24:27.417570+05:30" hostname="Sonu"><testcase classname="tests.test_functional" name="test_public_pages_reachable" time="0.000"><error message="failed on setup with &quot;file C:\Users\amraw\Desktop\MatchbestSoftware\Automation_Framwork\dynamic-testing-framework\tests\test_functional.py, line 7&#10;  @pytest.mark.functional&#10;  def test_public_pages_reachable(base_url):&#10;E       fixture 'base_url' not found&#10;&gt;       available fixtures: cache, capfd, capfdbinary, caplog, capsys, capsysbinary, capteesys, doctest_namespace, extra, extras, include_metadata_in_junit_xml, metadata, monkeypatch, pytestconfig, record_property, record_testsuite_property, record_xml_attribute, recwarn, subtests, tmp_path, tmp_path_factory, tmpdir, tmpdir_factory&#10;&gt;       use 'pytest --fixtures [testpath]' for help on them.&#10;&#10;C:\Users\amraw\Desktop\MatchbestSoftware\Automation_Framwork\dynamic-testing-framework\tests\test_functional.py:7&quot;">file C:\Users\amraw\Desktop\MatchbestSoftware\Automation_Framwork\dynamic-testing-framework\tests\test_functional.py, line 7
  @pytest.mark.functional
  def test_public_pages_reachable(base_url):
E       fixture 'base_url' not found
&gt;       available fixtures: cache, capfd, capfdbinary, caplog, capsys, capsysbinary, capteesys, doctest_namespace, extra, extras, include_metadata_in_junit_xml, metadata, monkeypatch, pytestconfig, record_property, record_testsuite_property, record_xml_attribute, recwarn, subtests, tmp_path, tmp_path_factory, tmpdir, tmpdir_factory
&gt;       use 'pytest --fixtures [testpath]' for help on them.

C:\Users\amraw\Desktop\MatchbestSoftware\Automation_Framwork\dynamic-testing-framework\tests\test_functional.py:7</error></testcase><testcase classname="tests.test_functional" name="test_login_flow" time="0.000"><error message="failed on setup with &quot;file C:\Users\amraw\Desktop\MatchbestSoftware\Automation_Framwork\dynamic-testing-framework\tests\test_functional.py, line 14&#10;  @pytest.mark.functional&#10;  def test_login_flow(browser, base_url):&#10;E       fixture 'browser' not found&#10;&gt;       available fixtures: cache, capfd, capfdbinary, caplog, capsys, capsysbinary, capteesys, doctest_namespace, extra, extras, include_metadata_in_junit_xml, metadata, monkeypatch, pytestconfig, record_property, record_testsuite_property, record_xml_attribute, recwarn, subtests, tmp_path, tmp_path_factory, tmpdir, tmpdir_factory&#10;&gt;       use 'pytest --fixtures [testpath]' for help on them.&#10;&#10;C:\Users\amraw\Desktop\MatchbestSoftware\Automation_Framwork\dynamic-testing-framework\tests\test_functional.py:14&quot;">file C:\Users\amraw\Desktop\MatchbestSoftware\Automation_Framwork\dynamic-testing-framework\tests\test_functional.py, line 14
  @pytest.mark.functional
  def test_login_flow(browser, base_url):
E       fixture 'browser' not found
&gt;       available fixtures: cache, capfd, capfdbinary, caplog, capsys, capsysbinary, capteesys, doctest_namespace, extra, extras, include_metadata_in_junit_xml, metadata, monkeypatch, pytestconfig, record_property, record_testsuite_property, record_xml_attribute, recwarn, subtests, tmp_path, tmp_path_factory, tmpdir, tmpdir_factory
&gt;       use 'pytest --fixtures [testpath]' for help on them.

C:\Users\amraw\Desktop\MatchbestSoftware\Automation_Framwork\dynamic-testing-framework\tests\test_functional.py:14</error></testcase><testcase classname="tests.test_regression" name="test_homepage_hash_stable" time="0.000"><error message="failed on setup with &quot;file C:\Users\amraw\Desktop\MatchbestSoftware\Automation_Framwork\dynamic-testing-framework\tests\test_regression.py, line 6&#10;  @pytest.mark.regression&#10;  def test_homepage_hash_stable(base_url):&#10;E       fixture 'base_url' not found&#10;&gt;       available fixtures: cache, capfd, capfdbinary, caplog, capsys, capsysbinary, capteesys, doctest_namespace, extra, extras, include_metadata_in_junit_xml, metadata, monkeypatch, pytestconfig, record_property, record_testsuite_property, record_xml_attribute, recwarn, subtests, tmp_path, tmp_path_factory, tmpdir, tmpdir_factory&#10;&gt;       use 'pytest --fixtures [testpath]' for help on them.&#10;&#10;C:\Users\amraw\Desktop\MatchbestSoftware\Automation_Framwork\dynamic-testing-framework\tests\test_regression.py:6&quot;">file C:\Users\amraw\Desktop\MatchbestSoftware\Automation_Framwork\dynamic-testing-framework\tests\test_regression.py, line 6
  @pytest.mark.regression
  def test_homepage_hash_stable(base_url):
E       fixture 'base_url' not found
&gt;       available fixtures: cache, capfd, capfdbinary, caplog, capsys, capsysbinary, capteesys, doctest_namespace, extra, extras, include_metadata_in_junit_xml, metadata, monkeypatch, pytestconfig, record_property, record_testsuite_property, record_xml_attribute, recwarn, subtests, tmp_path, tmp_path_factory, tmpdir, tmpdir_factory
&gt;       use 'pytest --fixtures [testpath]' for help on them.

C:\Users\amraw\Desktop\MatchbestSoftware\Automation_Framwork\dynamic-testing-framework\tests\test_regression.py:6</error></testcase><testcase classname="tests.test_security" name="test_https_enforced" time="0.000"><error message="failed on setup with &quot;file C:\Users\amraw\Desktop\MatchbestSoftware\Automation_Framwork\dynamic-testing-framework\tests\test_security.py, line 4&#10;  @pytest.mark.security&#10;  def test_https_enforced(base_url):&#10;E       fixture 'base_url' not found&#10;&gt;       available fixtures: cache, capfd, capfdbinary, caplog, capsys, capsysbinary, capteesys, doctest_namespace, extra, extras, include_metadata_in_junit_xml, metadata, monkeypatch, pytestconfig, record_property, record_testsuite_property, record_xml_attribute, recwarn, subtests, tmp_path, tmp_path_factory, tmpdir, tmpdir_factory&#10;&gt;       use 'pytest --fixtures [testpath]' for help on them.&#10;&#10;C:\Users\amraw\Desktop\MatchbestSoftware\Automation_Framwork\dynamic-testing-framework\tests\test_security.py:4&quot;">file C:\Users\amraw\Desktop\MatchbestSoftware\Automation_Framwork\dynamic-testing-framework\tests\test_security.py, line 4
  @pytest.mark.security
  def test_https_enforced(base_url):
E       fixture 'base_url' not found
&gt;       available fixtures: cache, capfd, capfdbinary, caplog, capsys, capsysbinary, capteesys, doctest_namespace, extra, extras, include_metadata_in_junit_xml, metadata, monkeypatch, pytestconfig, record_property, record_testsuite_property, record_xml_attribute, recwarn, subtests, tmp_path, tmp_path_factory, tmpdir, tmpdir_factory
&gt;       use 'pytest --fixtures [testpath]' for help on them.

C:\Users\amraw\Desktop\MatchbestSoftware\Automation_Framwork\dynamic-testing-framework\tests\test_security.py:4</error></testcase><testcase classname="tests.test_security" name="test_basic_security_headers" time="0.001"><error message="failed on setup with &quot;file C:\Users\amraw\Desktop\MatchbestSoftware\Automation_Framwork\dynamic-testing-framework\tests\test_security.py, line 16&#10;  @pytest.mark.security&#10;  def test_basic_security_headers(base_url):&#10;E       fixture 'base_url' not found&#10;&gt;       available fixtures: cache, capfd, capfdbinary, caplog, capsys, capsysbinary, capteesys, doctest_namespace, extra, extras, include_metadata_in_junit_xml, metadata, monkeypatch, pytestconfig, record_property, record_testsuite_property, record_xml_attribute, recwarn, subtests, tmp_path, tmp_path_factory, tmpdir, tmpdir_factory&#10;&gt;       use 'pytest --fixtures [testpath]' for help on them.&#10;&#10;C:\Users\amraw\Desktop\MatchbestSoftware\Automation_Framwork\dynamic-testing-framework\tests\test_security.py:16&quot;">file C:\Users\amraw\Desktop\MatchbestSoftware\Automation_Framwork\dynamic-testing-framework\tests\test_security.py, line 16
  @pytest.mark.security
  def test_basic_security_headers(base_url):
E       fixture 'base_url' not found
&gt;       available fixtures: cache, capfd, capfdbinary, caplog, capsys, capsysbinary, capteesys, doctest_namespace, extra, extras, include_metadata_in_junit_xml, metadata, monkeypatch, pytestconfig, record_property, record_testsuite_property, record_xml_attribute, recwarn, subtests, tmp_path, tmp_path_factory, tmpdir, tmpdir_factory
&gt;       use 'pytest --fixtures [testpath]' for help on them.

C:\Users\amraw\Desktop\MatchbestSoftware\Automation_Framwork\dynamic-testing-framework\tests\test_security.py:16</error></testcase><testcase classname="tests.test_ui" name="test_homepage_logo_visible" time="0.001"><error message="failed on setup with &quot;file C:\Users\amraw\Desktop\MatchbestSoftware\Automation_Framwork\dynamic-testing-framework\tests\test_ui.py, line 4&#10;  @pytest.mark.ui&#10;  def test_homepage_logo_visible(browser, base_url):&#10;E       fixture 'browser' not found&#10;&gt;       available fixtures: cache, capfd, capfdbinary, caplog, capsys, capsysbinary, capteesys, doctest_namespace, extra, extras, include_metadata_in_junit_xml, metadata, monkeypatch, pytestconfig, record_property, record_testsuite_property, record_xml_attribute, recwarn, subtests, tmp_path, tmp_path_factory, tmpdir, tmpdir_factory&#10;&gt;       use 'pytest --fixtures [testpath]' for help on them.&#10;&#10;C:\Users\amraw\Desktop\MatchbestSoftware\Automation_Framwork\dynamic-testing-framework\tests\test_ui.py:4&quot;">file C:\Users\amraw\Desktop\MatchbestSoftware\Automation_Framwork\dynamic-testing-framework\tests\test_ui.py, line 4
  @pytest.mark.ui
  def test_homepage_logo_visible(browser, base_url):
E       fixture 'browser' not found
&gt;       available fixtures: cache, capfd, capfdbinary, caplog, capsys, capsysbinary, capteesys, doctest_namespace, extra, extras, include_metadata_in_junit_xml, metadata, monkeypatch, pytestconfig, record_property, record_testsuite_property, record_xml_attribute, recwarn, subtests, tmp_path, tmp_path_factory, tmpdir, tmpdir_factory
&gt;       use 'pytest --fixtures [testpath]' for help on them.

C:\Users\amraw\Desktop\MatchbestSoftware\Automation_Framwork\dynamic-testing-framework\tests\test_ui.py:4</error></testcase><testcase classname="tests.test_ui" name="test_primary_cta_present" time="0.000"><error message="failed on setup with &quot;file C:\Users\amraw\Desktop\MatchbestSoftware\Automation_Framwork\dynamic-testing-framework\tests\test_ui.py, line 15&#10;  @pytest.mark.ui&#10;  def test_primary_cta_present(browser, base_url):&#10;E       fixture 'browser' not found&#10;&gt;       available fixtures: cache, capfd, capfdbinary, caplog, capsys, capsysbinary, capteesys, doctest_namespace, extra, extras, include_metadata_in_junit_xml, metadata, monkeypatch, pytestconfig, record_property, record_testsuite_property, record_xml_attribute, recwarn, subtests, tmp_path, tmp_path_factory, tmpdir, tmpdir_factory&#10;&gt;       use 'pytest --fixtures [testpath]' for help on them.&#10;&#10;C:\Users\amraw\Desktop\MatchbestSoftware\Automation_Framwork\dynamic-testing-framework\tests\test_ui.py:15&quot;">file C:\Users\amraw\Desktop\MatchbestSoftware\Automation_Framwork\dynamic-testing-framework\tests\test_ui.py, line 15
  @pytest.mark.ui
  def test_primary_cta_present(browser, base_url):
E       fixture 'browser' not found
&gt;       available fixtures: cache, capfd, capfdbinary, caplog, capsys, capsysbinary, capteesys, doctest_namespace, extra, extras, include_metadata_in_junit_xml, metadata, monkeypatch, pytestconfig, record_property, record_testsuite_property, record_xml_attribute, recwarn, subtests, tmp_path, tmp_path_factory, tmpdir, tmpdir_factory
&gt;       use 'pytest --fixtures [testpath]' for help on them.

C:\Users\amraw\Desktop\MatchbestSoftware\Automation_Framwork\dynamic-testing-framework\tests\test_ui.py:15</error></testcase></testsuite></testsuites>